../../Middlewares/ST/touchgfx/framework/include/touchgfx/Drawable.hpp:147:23:virtual touchgfx::Drawable* touchgfx::Drawable::getFirstChild()	0	static
../../Middlewares/ST/touchgfx/framework/include/touchgfx/Drawable.hpp:315:18:virtual void touchgfx::Drawable::setX(int16_t)	0	static
../../Middlewares/ST/touchgfx/framework/include/touchgfx/Drawable.hpp:327:18:virtual void touchgfx::Drawable::setY(int16_t)	0	static
../../Middlewares/ST/touchgfx/framework/include/touchgfx/Drawable.hpp:356:18:virtual void touchgfx::Drawable::setWidth(int16_t)	0	static
../../Middlewares/ST/touchgfx/framework/include/touchgfx/Drawable.hpp:368:18:virtual void touchgfx::Drawable::setHeight(int16_t)	0	static
../../Middlewares/ST/touchgfx/framework/include/touchgfx/Drawable.hpp:378:18:virtual void touchgfx::Drawable::childGeometryChanged()	0	static
../../Middlewares/ST/touchgfx/framework/include/touchgfx/Drawable.hpp:389:18:virtual void touchgfx::Drawable::handleClickEvent(const touchgfx::ClickEvent&)	0	static
../../Middlewares/ST/touchgfx/framework/include/touchgfx/Drawable.hpp:401:18:virtual void touchgfx::Drawable::handleGestureEvent(const touchgfx::GestureEvent&)	0	static
../../Middlewares/ST/touchgfx/framework/include/touchgfx/Drawable.hpp:490:18:virtual void touchgfx::Drawable::handleDragEvent(const touchgfx::DragEvent&)	0	static
../../Middlewares/ST/touchgfx/framework/include/touchgfx/Drawable.hpp:501:18:virtual void touchgfx::Drawable::handleTickEvent()	0	static
../../Middlewares/ST/touchgfx/framework/include/touchgfx/Drawable.hpp:588:18:virtual void touchgfx::Drawable::moveTo(int16_t, int16_t)	4	static
../../Middlewares/ST/touchgfx/framework/include/touchgfx/Drawable.hpp:703:18:virtual void touchgfx::Drawable::setupDrawChain(const touchgfx::Rect&, touchgfx::Drawable**)	0	static
../../Middlewares/ST/touchgfx/framework/include/touchgfx/hal/HAL.hpp:124:18:virtual void touchgfx::HAL::setDisplayOrientation(touchgfx::DisplayOrientation)	0	static
../../Middlewares/ST/touchgfx/framework/include/touchgfx/hal/HAL.hpp:670:18:virtual bool touchgfx::HAL::sampleKey(uint8_t&)	0	static
../../Middlewares/ST/touchgfx/framework/include/touchgfx/hal/HAL.hpp:737:18:virtual void touchgfx::HAL::setAnimationStorage(void*)	0	static
../../Middlewares/ST/touchgfx/framework/include/touchgfx/hal/HAL.hpp:876:30:virtual touchgfx::FlashDataReader* touchgfx::HAL::getFlashDataReader() const	0	static
../../Middlewares/ST/touchgfx/framework/include/touchgfx/hal/HAL.hpp:1025:18:virtual void touchgfx::HAL::taskDelay(uint16_t)	0	static
../../Middlewares/ST/touchgfx/framework/include/touchgfx/hal/HAL.hpp:1052:22:virtual uint16_t touchgfx::HAL::getTFTCurrentLine()	0	static
../../Middlewares/ST/touchgfx/framework/include/touchgfx/hal/HAL.hpp:1063:21:virtual touchgfx::DMAType touchgfx::HAL::getDMAType()	0	static
../../Middlewares/ST/touchgfx/framework/include/touchgfx/widgets/canvas/AbstractPainter.hpp:61:34:virtual touchgfx::HAL::RenderingMethod touchgfx::AbstractPainter::getRenderingMethod() const	0	static
../../Middlewares/ST/touchgfx/framework/include/touchgfx/widgets/canvas/AbstractPainter.hpp:78:18:virtual bool touchgfx::AbstractPainter::setup(const touchgfx::Rect&) const	0	static
../../Middlewares/ST/touchgfx/framework/include/touchgfx/widgets/canvas/AbstractPainter.hpp:90:18:virtual void touchgfx::AbstractPainter::tearDown() const	0	static
../../Middlewares/ST/touchgfx/framework/include/touchgfx/widgets/canvas/CanvasWidget.hpp:66:18:virtual void touchgfx::CanvasWidget::setAlpha(uint8_t)	0	static
../../Middlewares/ST/touchgfx/framework/include/touchgfx/widgets/canvas/CanvasWidget.hpp:72:21:virtual uint8_t touchgfx::CanvasWidget::getAlpha() const	0	static
../../Middlewares/ST/touchgfx/framework/include/touchgfx/widgets/canvas/CanvasWidget.hpp:118:18:virtual touchgfx::Rect touchgfx::CanvasWidget::getMinimalRect() const	8	static
../../Middlewares/ST/touchgfx/framework/include/touchgfx/widgets/canvas/CanvasWidget.hpp:134:18:virtual touchgfx::Rect touchgfx::CanvasWidget::getSolidRect() const	0	static
../../Middlewares/ST/touchgfx/framework/include/touchgfx/widgets/canvas/CWRVectorRenderer.hpp:67:18:virtual void touchgfx::CWRVectorRenderer::setMode(touchgfx::VectorRenderer::DrawMode)	0	static
../../Middlewares/ST/touchgfx/framework/include/touchgfx/widgets/canvas/CWRVectorRenderer.hpp:72:18:virtual void touchgfx::CWRVectorRenderer::setStrokeMiterLimit(float)	0	static
../../Middlewares/ST/touchgfx/framework/include/touchgfx/widgets/canvas/CWRVectorRenderer.hpp:77:18:virtual void touchgfx::CWRVectorRenderer::setStrokeLineJoin(touchgfx::VGStrokeLineJoin)	0	static
../../Middlewares/ST/touchgfx/framework/include/touchgfx/widgets/canvas/CWRVectorRenderer.hpp:82:18:virtual void touchgfx::CWRVectorRenderer::setStrokeLineCap(touchgfx::VGStrokeLineCap)	0	static
../../Middlewares/ST/touchgfx/framework/include/touchgfx/widgets/canvas/CWRVectorRenderer.hpp:199:22:virtual bool touchgfx::CWRVectorRenderer::CanvasWidgetProxy::drawCanvasWidget(const touchgfx::Rect&) const	0	static
../../Middlewares/ST/touchgfx/framework/include/touchgfx/widgets/canvas/CWRVectorRenderer.hpp:310:44:virtual touchgfx::AbstractPainterLinearGradient& touchgfx::CWRVectorRendererRGB565::getLinearPainter()	0	static
../../Middlewares/ST/touchgfx/framework/include/touchgfx/widgets/canvas/CWRVectorRenderer.hpp:315:35:virtual touchgfx::AbstractPainterColor& touchgfx::CWRVectorRendererRGB565::getColorPainterColor()	0	static
../../Middlewares/ST/touchgfx/framework/include/touchgfx/widgets/canvas/CWRVectorRenderer.hpp:320:30:virtual touchgfx::AbstractPainter& touchgfx::CWRVectorRendererRGB565::getColorPainter()	0	static
D:/TouchGFX_projects/dvd_project/SlyFox/Audio_Visualiser/TouchGFX/target/generated/TouchGFXGeneratedHAL.cpp:50:36:void __tcf_1()	0	static
D:/TouchGFX_projects/dvd_project/SlyFox/Audio_Visualiser/TouchGFX/target/generated/TouchGFXGeneratedHAL.cpp:84:6:virtual void TouchGFXGeneratedHAL::configureInterrupts()	0	static
D:/TouchGFX_projects/dvd_project/SlyFox/Audio_Visualiser/TouchGFX/target/generated/TouchGFXGeneratedHAL.cpp:102:6:virtual void TouchGFXGeneratedHAL::enableLCDControllerInterrupt()	0	static
D:/TouchGFX_projects/dvd_project/SlyFox/Audio_Visualiser/TouchGFX/target/generated/TouchGFXGeneratedHAL.cpp:124:11:virtual uint16_t* TouchGFXGeneratedHAL::getTFTFrameBuffer() const	0	static
D:/TouchGFX_projects/dvd_project/SlyFox/Audio_Visualiser/TouchGFX/target/generated/TouchGFXGeneratedHAL.cpp:129:6:virtual void TouchGFXGeneratedHAL::setTFTFrameBuffer(uint16_t*)	0	static
D:/TouchGFX_projects/dvd_project/SlyFox/Audio_Visualiser/TouchGFX/target/generated/TouchGFXGeneratedHAL.cpp:147:6:virtual void TouchGFXGeneratedHAL::InvalidateCache()	16	static,ignoring_inline_asm
../../TouchGFX/target/generated/DoubleBufferedVideoController.hpp:49:7:DoubleBufferedVideoController<1, 480, 272, 960, touchgfx::Bitmap::RGB565>::~DoubleBufferedVideoController()	0	static
../../Middlewares/ST/touchgfx/framework/include/touchgfx/widgets/canvas/CWRVectorRenderer.hpp:308:7:touchgfx::CWRVectorRendererRGB565::~CWRVectorRendererRGB565()	0	static
../../Middlewares/ST/touchgfx/framework/include/touchgfx/widgets/canvas/CWRVectorRenderer.hpp:197:11:touchgfx::CWRVectorRenderer::CanvasWidgetProxy::~CanvasWidgetProxy()	0	static
../../TouchGFX/target/generated/TouchGFXGeneratedHAL.hpp:30:7:TouchGFXGeneratedHAL::~TouchGFXGeneratedHAL()	0	static
../../TouchGFX/target/generated/DoubleBufferedVideoController.hpp:100:18:void DoubleBufferedVideoController<no_streams, width, height, stride, output_format>::unregisterVideoWidget(touchgfx::VideoController::Handle) [with long unsigned int no_streams = 1; long unsigned int width = 480; long unsigned int height = 272; long unsigned int stride = 960; touchgfx::Bitmap::BitmapFormat output_format = touchgfx::Bitmap::RGB565]	0	static
../../TouchGFX/target/generated/DoubleBufferedVideoController.hpp:289:18:void DoubleBufferedVideoController<no_streams, width, height, stride, output_format>::draw(touchgfx::VideoController::Handle, const touchgfx::Rect&, const touchgfx::VideoWidget&) [with long unsigned int no_streams = 1; long unsigned int width = 480; long unsigned int height = 272; long unsigned int stride = 960; touchgfx::Bitmap::BitmapFormat output_format = touchgfx::Bitmap::RGB565]	0	static
../../TouchGFX/target/generated/DoubleBufferedVideoController.hpp:412:18:void DoubleBufferedVideoController<no_streams, width, height, stride, output_format>::setVideoFrameRateCompensation(bool) [with long unsigned int no_streams = 1; long unsigned int width = 480; long unsigned int height = 272; long unsigned int stride = 960; touchgfx::Bitmap::BitmapFormat output_format = touchgfx::Bitmap::RGB565]	0	static
../../TouchGFX/target/generated/TouchGFXGeneratedHAL.hpp:30:7:virtual TouchGFXGeneratedHAL::~TouchGFXGeneratedHAL()	8	static
../../Middlewares/ST/touchgfx/framework/include/touchgfx/widgets/canvas/CWRVectorRenderer.hpp:197:11:virtual touchgfx::CWRVectorRenderer::CanvasWidgetProxy::~CanvasWidgetProxy()	8	static
../../TouchGFX/target/generated/DoubleBufferedVideoController.hpp:49:7:virtual DoubleBufferedVideoController<1, 480, 272, 960, touchgfx::Bitmap::RGB565>::~DoubleBufferedVideoController()	8	static
../../Middlewares/ST/touchgfx/framework/include/touchgfx/widgets/canvas/CWRVectorRenderer.hpp:308:7:virtual touchgfx::CWRVectorRendererRGB565::~CWRVectorRendererRGB565()	8	static
D:/TouchGFX_projects/dvd_project/SlyFox/Audio_Visualiser/TouchGFX/target/generated/TouchGFXGeneratedHAL.cpp:70:6:virtual void TouchGFXGeneratedHAL::initialize()	16	static
D:/TouchGFX_projects/dvd_project/SlyFox/Audio_Visualiser/TouchGFX/target/generated/TouchGFXGeneratedHAL.cpp:113:6:virtual bool TouchGFXGeneratedHAL::beginFrame()	0	static
D:/TouchGFX_projects/dvd_project/SlyFox/Audio_Visualiser/TouchGFX/target/generated/TouchGFXGeneratedHAL.cpp:118:6:virtual void TouchGFXGeneratedHAL::endFrame()	0	static
D:/TouchGFX_projects/dvd_project/SlyFox/Audio_Visualiser/TouchGFX/target/generated/TouchGFXGeneratedHAL.cpp:137:6:virtual void TouchGFXGeneratedHAL::flushFrameBuffer(const touchgfx::Rect&)	0	static
D:/TouchGFX_projects/dvd_project/SlyFox/Audio_Visualiser/TouchGFX/target/generated/TouchGFXGeneratedHAL.cpp:142:6:virtual bool TouchGFXGeneratedHAL::blockCopy(void*, const void*, uint32_t)	0	static
../../Middlewares/ST/touchgfx/framework/include/touchgfx/hal/HAL.hpp:638:18:virtual void touchgfx::HAL::backPorchExited()	8	static
../../TouchGFX/target/generated/TouchGFXGeneratedHAL.hpp:106:18:virtual void TouchGFXGeneratedHAL::flushFrameBuffer()	0	static
../../Middlewares/ST/touchgfx/framework/include/touchgfx/Drawable.hpp:121:18:virtual void touchgfx::Drawable::invalidateContent() const	0	static
../../Middlewares/ST/touchgfx/framework/include/touchgfx/hal/HAL.hpp:1162:18:virtual void touchgfx::HAL::performDisplayOrientationChange()	8	static
../../Middlewares/ST/touchgfx/framework/include/touchgfx/hal/HAL.hpp:720:18:virtual void touchgfx::HAL::setFrameBufferStartAddresses(void*, void*, void*)	16	static
../../Middlewares/ST/touchgfx/framework/include/touchgfx/hal/HAL.hpp:156:18:virtual void touchgfx::HAL::setFrameBufferSize(uint16_t, uint16_t)	8	static
../../TouchGFX/target/generated/DoubleBufferedVideoController.hpp:405:18:bool DoubleBufferedVideoController<no_streams, width, height, stride, output_format>::getIsPlaying(touchgfx::VideoController::Handle) [with long unsigned int no_streams = 1; long unsigned int width = 480; long unsigned int height = 272; long unsigned int stride = 960; touchgfx::Bitmap::BitmapFormat output_format = touchgfx::Bitmap::RGB565]	8	static
../../TouchGFX/target/generated/DoubleBufferedVideoController.hpp:399:18:void DoubleBufferedVideoController<no_streams, width, height, stride, output_format>::getVideoInformation(touchgfx::VideoController::Handle, touchgfx::VideoInformation*) [with long unsigned int no_streams = 1; long unsigned int width = 480; long unsigned int height = 272; long unsigned int stride = 960; touchgfx::Bitmap::BitmapFormat output_format = touchgfx::Bitmap::RGB565]	8	static
../../TouchGFX/target/generated/DoubleBufferedVideoController.hpp:120:22:uint32_t DoubleBufferedVideoController<no_streams, width, height, stride, output_format>::getCurrentFrameNumber(touchgfx::VideoController::Handle) [with long unsigned int no_streams = 1; long unsigned int width = 480; long unsigned int height = 272; long unsigned int stride = 960; touchgfx::Bitmap::BitmapFormat output_format = touchgfx::Bitmap::RGB565]	8	static
../../TouchGFX/target/generated/DoubleBufferedVideoController.hpp:127:18:void DoubleBufferedVideoController<no_streams, width, height, stride, output_format>::setFrameRate(touchgfx::VideoController::Handle, uint32_t, uint32_t) [with long unsigned int no_streams = 1; long unsigned int width = 480; long unsigned int height = 272; long unsigned int stride = 960; touchgfx::Bitmap::BitmapFormat output_format = touchgfx::Bitmap::RGB565]	8	static
../../TouchGFX/target/generated/DoubleBufferedVideoController.hpp:160:18:void DoubleBufferedVideoController<no_streams, width, height, stride, output_format>::setCommand(touchgfx::VideoController::Handle, touchgfx::VideoController::Command, uint32_t) [with long unsigned int no_streams = 1; long unsigned int width = 480; long unsigned int height = 272; long unsigned int stride = 960; touchgfx::Bitmap::BitmapFormat output_format = touchgfx::Bitmap::RGB565]	8	static
../../Middlewares/ST/touchgfx/framework/include/touchgfx/widgets/Widget.hpp:45:18:virtual void touchgfx::Widget::getLastChild(int16_t, int16_t, touchgfx::Drawable**)	0	static
../../TouchGFX/target/generated/DoubleBufferedVideoController.hpp:227:18:bool DoubleBufferedVideoController<no_streams, width, height, stride, output_format>::updateFrame(touchgfx::VideoController::Handle, touchgfx::VideoWidget&) [with long unsigned int no_streams = 1; long unsigned int width = 480; long unsigned int height = 272; long unsigned int stride = 960; touchgfx::Bitmap::BitmapFormat output_format = touchgfx::Bitmap::RGB565]	16	static
../../Middlewares/ST/touchgfx/framework/include/touchgfx/hal/HAL.hpp:320:28:virtual touchgfx::BlitOperations touchgfx::HAL::getBlitCaps()	0	static
D:/TouchGFX_projects/dvd_project/SlyFox/Audio_Visualiser/TouchGFX/target/generated/TouchGFXGeneratedHAL.cpp:90:6:virtual void TouchGFXGeneratedHAL::enableInterrupts()	0	static
D:/TouchGFX_projects/dvd_project/SlyFox/Audio_Visualiser/TouchGFX/target/generated/TouchGFXGeneratedHAL.cpp:96:6:virtual void TouchGFXGeneratedHAL::disableInterrupts()	0	static,ignoring_inline_asm
../../TouchGFX/target/generated/DoubleBufferedVideoController.hpp:67:20:touchgfx::VideoController::Handle DoubleBufferedVideoController<no_streams, width, height, stride, output_format>::registerVideoWidget(touchgfx::VideoWidget&) [with long unsigned int no_streams = 1; long unsigned int width = 480; long unsigned int height = 272; long unsigned int stride = 960; touchgfx::Bitmap::BitmapFormat output_format = touchgfx::Bitmap::RGB565]	16	static
../../Middlewares/ST/touchgfx/framework/include/touchgfx/widgets/canvas/AbstractPainterRGB565.hpp:41:5:touchgfx::AbstractPainterRGB565::AbstractPainterRGB565()	16	static
D:/TouchGFX_projects/dvd_project/SlyFox/Audio_Visualiser/TouchGFX/target/generated/TouchGFXGeneratedHAL.cpp:41:18:static touchgfx::VideoController& touchgfx::VideoController::getInstance()	0	static
D:/TouchGFX_projects/dvd_project/SlyFox/Audio_Visualiser/TouchGFX/target/generated/TouchGFXGeneratedHAL.cpp:48:17:static touchgfx::VectorRenderer* touchgfx::VectorRenderer::getInstance()	16	static
D:/TouchGFX_projects/dvd_project/SlyFox/Audio_Visualiser/TouchGFX/target/generated/TouchGFXGeneratedHAL.cpp:178:10:void HAL_LTDC_LineEventCallback(LTDC_HandleTypeDef*)	8	static
../../TouchGFX/target/generated/DoubleBufferedVideoController.hpp:319:10:void DoubleBufferedVideoController<no_streams, width, height, stride, output_format>::decoderTaskEntry() [with long unsigned int no_streams = 1; long unsigned int width = 480; long unsigned int height = 272; long unsigned int stride = 960; touchgfx::Bitmap::BitmapFormat output_format = touchgfx::Bitmap::RGB565]	40	static
D:/TouchGFX_projects/dvd_project/SlyFox/Audio_Visualiser/TouchGFX/target/generated/TouchGFXGeneratedHAL.cpp:171:17:void videoTaskFunc(void*)	8	static
../../TouchGFX/target/generated/DoubleBufferedVideoController.hpp:518:10:void DoubleBufferedVideoController<no_streams, width, height, stride, output_format>::clearState(touchgfx::VideoController::Handle) [with long unsigned int no_streams = 1; long unsigned int width = 480; long unsigned int height = 272; long unsigned int stride = 960; touchgfx::Bitmap::BitmapFormat output_format = touchgfx::Bitmap::RGB565]	16	static
../../TouchGFX/target/generated/DoubleBufferedVideoController.hpp:152:18:void DoubleBufferedVideoController<no_streams, width, height, stride, output_format>::setVideoData(touchgfx::VideoController::Handle, touchgfx::VideoDataReader&) [with long unsigned int no_streams = 1; long unsigned int width = 480; long unsigned int height = 272; long unsigned int stride = 960; touchgfx::Bitmap::BitmapFormat output_format = touchgfx::Bitmap::RGB565]	16	static
../../TouchGFX/target/generated/DoubleBufferedVideoController.hpp:143:18:void DoubleBufferedVideoController<no_streams, width, height, stride, output_format>::setVideoData(touchgfx::VideoController::Handle, const uint8_t*, uint32_t) [with long unsigned int no_streams = 1; long unsigned int width = 480; long unsigned int height = 272; long unsigned int stride = 960; touchgfx::Bitmap::BitmapFormat output_format = touchgfx::Bitmap::RGB565]	16	static
D:/TouchGFX_projects/dvd_project/SlyFox/Audio_Visualiser/TouchGFX/target/generated/TouchGFXGeneratedHAL.cpp:208:1:cpp)	16	static
