D:/TouchGFX_projects/dvd_project/SlyFox/Audio_Visualiser/Drivers/STM32F7xx_HAL_Driver/Src/stm32f7xx_hal_flash_ex.c:639:13:FLASH_MassErase	0	static,ignoring_inline_asm
D:/TouchGFX_projects/dvd_project/SlyFox/Audio_Visualiser/Drivers/STM32F7xx_HAL_Driver/Src/stm32f7xx_hal_flash_ex.c:285:19:HAL_FLASHEx_OBProgram	16	static
D:/TouchGFX_projects/dvd_project/SlyFox/Audio_Visualiser/Drivers/STM32F7xx_HAL_Driver/Src/stm32f7xx_hal_flash_ex.c:384:6:HAL_FLASHEx_OBGetConfig	0	static
D:/TouchGFX_projects/dvd_project/SlyFox/Audio_Visualiser/Drivers/STM32F7xx_HAL_Driver/Src/stm32f7xx_hal_flash_ex.c:670:6:FLASH_Erase_Sector	0	static,ignoring_inline_asm
D:/TouchGFX_projects/dvd_project/SlyFox/Audio_Visualiser/Drivers/STM32F7xx_HAL_Driver/Src/stm32f7xx_hal_flash_ex.c:156:19:HAL_FLASHEx_Erase	32	static
D:/TouchGFX_projects/dvd_project/SlyFox/Audio_Visualiser/Drivers/STM32F7xx_HAL_Driver/Src/stm32f7xx_hal_flash_ex.c:229:19:HAL_FLASHEx_Erase_IT	8	static
