D:/TouchGFX_projects/dvd_project/SlyFox/Audio_Visualiser/Core/Src/main.c:820:6:StartDefaultTask	8	static
D:/TouchGFX_projects/dvd_project/SlyFox/Audio_Visualiser/Core/Src/main.c:242:6:SystemClock_Config	88	static
D:/TouchGFX_projects/dvd_project/SlyFox/Audio_Visualiser/Core/Src/main.c:133:5:main	160	static,ignoring_inline_asm
D:/TouchGFX_projects/dvd_project/SlyFox/Audio_Visualiser/Core/Src/main.c:807:7:HAL_ADC_ConvCpltCallback	8	static
D:/TouchGFX_projects/dvd_project/SlyFox/Audio_Visualiser/Core/Src/main.c:876:6:HAL_TIM_PeriodElapsedCallback	0	static
D:/TouchGFX_projects/dvd_project/SlyFox/Audio_Visualiser/Core/Src/main.c:893:6:Error_Handler	0	static
