D:/TouchGFX_projects/dvd_project/SlyFox/Audio_Visualiser/Core/Src/stm32f7xx_hal_msp.c:66:6:HAL_MspInit	8	static
D:/TouchGFX_projects/dvd_project/SlyFox/Audio_Visualiser/Core/Src/stm32f7xx_hal_msp.c:91:6:HAL_ADC_MspInit	40	static
D:/TouchGFX_projects/dvd_project/SlyFox/Audio_Visualiser/Core/Src/stm32f7xx_hal_msp.c:127:6:HAL_ADC_MspDeInit	8	static
D:/TouchGFX_projects/dvd_project/SlyFox/Audio_Visualiser/Core/Src/stm32f7xx_hal_msp.c:157:6:HAL_CRC_MspInit	8	static
D:/TouchGFX_projects/dvd_project/SlyFox/Audio_Visualiser/Core/Src/stm32f7xx_hal_msp.c:179:6:HAL_CRC_MspDeInit	0	static
D:/TouchGFX_projects/dvd_project/SlyFox/Audio_Visualiser/Core/Src/stm32f7xx_hal_msp.c:201:6:HAL_DMA2D_MspInit	16	static
D:/TouchGFX_projects/dvd_project/SlyFox/Audio_Visualiser/Core/Src/stm32f7xx_hal_msp.c:226:6:HAL_DMA2D_MspDeInit	0	static
D:/TouchGFX_projects/dvd_project/SlyFox/Audio_Visualiser/Core/Src/stm32f7xx_hal_msp.c:251:6:HAL_I2C_MspInit	168	static
D:/TouchGFX_projects/dvd_project/SlyFox/Audio_Visualiser/Core/Src/stm32f7xx_hal_msp.c:297:6:HAL_I2C_MspDeInit	8	static
D:/TouchGFX_projects/dvd_project/SlyFox/Audio_Visualiser/Core/Src/stm32f7xx_hal_msp.c:328:6:HAL_LTDC_MspInit	192	static
D:/TouchGFX_projects/dvd_project/SlyFox/Audio_Visualiser/Core/Src/stm32f7xx_hal_msp.c:445:6:HAL_LTDC_MspDeInit	8	static
D:/TouchGFX_projects/dvd_project/SlyFox/Audio_Visualiser/Core/Src/stm32f7xx_hal_msp.c:514:6:HAL_QSPI_MspInit	64	static
D:/TouchGFX_projects/dvd_project/SlyFox/Audio_Visualiser/Core/Src/stm32f7xx_hal_msp.c:577:6:HAL_QSPI_MspDeInit	8	static
D:/TouchGFX_projects/dvd_project/SlyFox/Audio_Visualiser/Core/Src/stm32f7xx_hal_msp.c:614:6:HAL_TIM_PWM_MspInit	8	static
D:/TouchGFX_projects/dvd_project/SlyFox/Audio_Visualiser/Core/Src/stm32f7xx_hal_msp.c:630:6:HAL_TIM_MspPostInit	32	static
D:/TouchGFX_projects/dvd_project/SlyFox/Audio_Visualiser/Core/Src/stm32f7xx_hal_msp.c:662:6:HAL_TIM_PWM_MspDeInit	0	static
D:/TouchGFX_projects/dvd_project/SlyFox/Audio_Visualiser/Core/Src/stm32f7xx_hal_msp.c:786:6:HAL_SDRAM_MspInit	48	static
D:/TouchGFX_projects/dvd_project/SlyFox/Audio_Visualiser/Core/Src/stm32f7xx_hal_msp.c:872:6:HAL_SDRAM_MspDeInit	8	static
