../../Middlewares/ST/touchgfx/framework/include/touchgfx/TypedText.hpp:65:13:touchgfx::TypedText::~TypedText()	0	static
../../Middlewares/ST/touchgfx/framework/include/touchgfx/TypedText.hpp:65:13:virtual touchgfx::TypedText::~TypedText()	8	static
../../TouchGFX/generated/fonts/include/fonts/FontCache.hpp:75:14:uint32_t touchgfx::FontCache::getGlyphSize(const touchgfx::GlyphNode*)	12	static
D:/TouchGFX_projects/dvd_project/SlyFox/Audio_Visualiser/TouchGFX/generated/fonts/src/FontCache.cpp:13:1:touchgfx::FontCache::FontCache()	0	static
D:/TouchGFX_projects/dvd_project/SlyFox/Audio_Visualiser/TouchGFX/generated/fonts/src/FontCache.cpp:18:6:void touchgfx::FontCache::clear(bool)	16	static
D:/TouchGFX_projects/dvd_project/SlyFox/Audio_Visualiser/TouchGFX/generated/fonts/src/FontCache.cpp:35:6:void touchgfx::FontCache::setMemory(uint8_t*, uint32_t)	0	static
D:/TouchGFX_projects/dvd_project/SlyFox/Audio_Visualiser/TouchGFX/generated/fonts/src/FontCache.cpp:43:6:void touchgfx::FontCache::setReader(touchgfx::FontDataReader*)	0	static
D:/TouchGFX_projects/dvd_project/SlyFox/Audio_Visualiser/TouchGFX/generated/fonts/src/FontCache.cpp:48:18:const touchgfx::GlyphNode* touchgfx::FontCache::getGlyph(touchgfx::Unicode::UnicodeChar, touchgfx::FontId) const	0	static
D:/TouchGFX_projects/dvd_project/SlyFox/Audio_Visualiser/TouchGFX/generated/fonts/src/FontCache.cpp:63:6:void touchgfx::FontCache::open()	0	static
D:/TouchGFX_projects/dvd_project/SlyFox/Audio_Visualiser/TouchGFX/generated/fonts/src/FontCache.cpp:71:6:void touchgfx::FontCache::close()	0	static
D:/TouchGFX_projects/dvd_project/SlyFox/Audio_Visualiser/TouchGFX/generated/fonts/src/FontCache.cpp:232:6:bool touchgfx::FontCache::contains(touchgfx::Unicode::UnicodeChar, touchgfx::FontId) const	0	static
D:/TouchGFX_projects/dvd_project/SlyFox/Audio_Visualiser/TouchGFX/generated/fonts/src/FontCache.cpp:383:6:bool touchgfx::FontCache::sortSortedString(int)	20	static
D:/TouchGFX_projects/dvd_project/SlyFox/Audio_Visualiser/TouchGFX/generated/fonts/src/FontCache.cpp:335:6:bool touchgfx::FontCache::createSortedString(const touchgfx::Unicode::UnicodeChar*)	16	static
D:/TouchGFX_projects/dvd_project/SlyFox/Audio_Visualiser/TouchGFX/generated/fonts/src/FontCache.cpp:356:6:)	140	static
D:/TouchGFX_projects/dvd_project/SlyFox/Audio_Visualiser/TouchGFX/generated/fonts/src/FontCache.cpp:409:6:void touchgfx::FontCache::setPosition(uint32_t)	0	static
D:/TouchGFX_projects/dvd_project/SlyFox/Audio_Visualiser/TouchGFX/generated/fonts/src/FontCache.cpp:417:6:void touchgfx::FontCache::readData(void*, uint32_t)	0	static
D:/TouchGFX_projects/dvd_project/SlyFox/Audio_Visualiser/TouchGFX/generated/fonts/src/FontCache.cpp:275:10:uint8_t* touchgfx::FontCache::copyGlyph(uint8_t*, touchgfx::Unicode::UnicodeChar, touchgfx::FontId, bool&)	24	static
D:/TouchGFX_projects/dvd_project/SlyFox/Audio_Visualiser/TouchGFX/generated/fonts/src/FontCache.cpp:247:6:void touchgfx::FontCache::insert(touchgfx::Unicode::UnicodeChar, touchgfx::FontId, bool&)	24	static
D:/TouchGFX_projects/dvd_project/SlyFox/Audio_Visualiser/TouchGFX/generated/fonts/src/FontCache.cpp:310:6:void touchgfx::FontCache::cacheData(touchgfx::GlyphNode*)	16	static
D:/TouchGFX_projects/dvd_project/SlyFox/Audio_Visualiser/TouchGFX/generated/fonts/src/FontCache.cpp:182:6:bool touchgfx::FontCache::cacheSortedString(touchgfx::TypedText)	48	static
D:/TouchGFX_projects/dvd_project/SlyFox/Audio_Visualiser/TouchGFX/generated/fonts/src/FontCache.cpp:156:6:bool touchgfx::FontCache::cacheString(touchgfx::TypedText, const touchgfx::Unicode::UnicodeChar*)	24	static
D:/TouchGFX_projects/dvd_project/SlyFox/Audio_Visualiser/TouchGFX/generated/fonts/src/FontCache.cpp:169:6:bool touchgfx::FontCache::cacheLigatures(touchgfx::CachedFont*, touchgfx::TypedText, const touchgfx::Unicode::UnicodeChar*)	40	static
D:/TouchGFX_projects/dvd_project/SlyFox/Audio_Visualiser/TouchGFX/generated/fonts/src/FontCache.cpp:79:6:void touchgfx::FontCache::initializeCachedFont(touchgfx::TypedText, touchgfx::CachedFont*, bool)	144	static
