../../Middlewares/ST/touchgfx/framework/include/touchgfx/Font.hpp:200:30:virtual const touchgfx::GlyphNode* touchgfx::Font::getGlyph(touchgfx::Unicode::UnicodeChar) const	16	static
../../Middlewares/ST/touchgfx/framework/include/touchgfx/Font.hpp:219:34:virtual touchgfx::Unicode::UnicodeChar touchgfx::Font::getFallbackChar() const	0	static
../../Middlewares/ST/touchgfx/framework/include/touchgfx/Font.hpp:232:34:virtual touchgfx::Unicode::UnicodeChar touchgfx::Font::getEllipsisChar() const	0	static
../../Middlewares/ST/touchgfx/framework/include/touchgfx/Font.hpp:331:44:virtual uint16_t touchgfx::Font::getBaseline() const	0	static
../../Middlewares/ST/touchgfx/framework/include/touchgfx/Font.hpp:351:44:virtual uint16_t touchgfx::Font::getHeight() const	0	static
../../Middlewares/ST/touchgfx/framework/include/touchgfx/Font.hpp:382:43:virtual uint8_t touchgfx::Font::getBitsPerPixel() const	0	static
../../Middlewares/ST/touchgfx/framework/include/touchgfx/Font.hpp:392:43:virtual uint8_t touchgfx::Font::getByteAlignRow() const	0	static
../../Middlewares/ST/touchgfx/framework/include/touchgfx/Font.hpp:429:20:virtual int8_t touchgfx::Font::getKerning(touchgfx::Unicode::UnicodeChar, const touchgfx::GlyphNode*) const	0	static
../../Middlewares/ST/touchgfx/framework/include/touchgfx/Font.hpp:451:29:virtual const uint16_t* touchgfx::Font::getGSUBTable() const	0	static
../../Middlewares/ST/touchgfx/framework/include/touchgfx/Font.hpp:461:45:virtual const touchgfx::FontContextualFormsTable* touchgfx::Font::getContextualFormsTable() const	0	static
../../Middlewares/ST/touchgfx/framework/include/touchgfx/Font.hpp:471:18:virtual bool touchgfx::Font::isVectorBasedFont() const	0	static
../../Middlewares/ST/touchgfx/framework/include/touchgfx/Font.hpp:481:19:virtual float touchgfx::Font::getScaleFactor() const	0	static
D:/TouchGFX_projects/dvd_project/SlyFox/Audio_Visualiser/TouchGFX/generated/texts/src/Texts.cpp:13:10:) const	12	static
D:/TouchGFX_projects/dvd_project/SlyFox/Audio_Visualiser/TouchGFX/generated/texts/src/Texts.cpp:22:10:) const	16	static
D:/TouchGFX_projects/dvd_project/SlyFox/Audio_Visualiser/TouchGFX/generated/texts/src/Texts.cpp:31:32:touchgfx::Unicode::UnicodeChar touchgfx::TextProvider::getNextLigature(touchgfx::TextDirection)	8	static
D:/TouchGFX_projects/dvd_project/SlyFox/Audio_Visualiser/TouchGFX/generated/texts/src/Texts.cpp:45:6:void touchgfx::TextProvider::initializeInternal()	0	static
D:/TouchGFX_projects/dvd_project/SlyFox/Audio_Visualiser/TouchGFX/generated/texts/src/Texts.cpp:50:6:)	32	static
D:/TouchGFX_projects/dvd_project/SlyFox/Audio_Visualiser/TouchGFX/generated/texts/src/Texts.cpp:91:6:static void touchgfx::Texts::setLanguage(touchgfx::LanguageId)	16	static
D:/TouchGFX_projects/dvd_project/SlyFox/Audio_Visualiser/TouchGFX/generated/texts/src/Texts.cpp:121:6:static void touchgfx::Texts::setTranslation(touchgfx::LanguageId, const void*)	0	static
D:/TouchGFX_projects/dvd_project/SlyFox/Audio_Visualiser/TouchGFX/generated/texts/src/Texts.cpp:126:39:const touchgfx::Unicode::UnicodeChar* touchgfx::Texts::getText(touchgfx::TypedTextId) const	0	static
